// Jest Snapshot v1, https://goo.gl/fbAQLP

exports[`AppHeader basic render 1`] = `<div><button class="btn" style="display: none;">Logout</button></div>`;
