// Jest Snapshot v1, https://goo.gl/fbAQLP

exports[`snapshot examples - snapshot basic test 1`] = `
<div class="container">
  <h1>Hello </h1>
  <div>hi </div>
</div>
`;
